2025-07-06 13:58:07,932 - INFO - Initialized GPS Frame Extractor:
2025-07-06 13:58:07,932 - INFO -   GPS folder: our_data/extracted_gps
2025-07-06 13:58:07,933 - INFO -   Video folder: our_data
2025-07-06 13:58:07,933 - INFO -   Output folder: our_data/extracted_frames
2025-07-06 13:58:07,933 - INFO -   Frame rate: 5.0 Hz
2025-07-06 13:58:07,933 - INFO -   Filter bad GPS: True
2025-07-06 13:58:07,933 - INFO -   Image quality: 95
2025-07-06 13:58:07,933 - INFO - Starting batch processing of all GPS-video pairs
2025-07-06 13:58:07,933 - INFO - Found 4 CSV files to process
2025-07-06 13:58:07,933 - INFO - Processing GX010001_NorthQuays.csv
2025-07-06 13:58:07,950 - INFO - Loaded 7658 GPS points from GX010001_NorthQuays.csv
2025-07-06 13:58:07,957 - INFO - Filtered out 0 bad GPS points
2025-07-06 13:58:08,226 - INFO - Selected 3829 frames at 5.0 Hz from 7658 GPS points
2025-07-06 13:58:08,379 - INFO - Video properties: 29.97 FPS, 22905 frames, 764.26s duration
2025-07-06 14:06:15,432 - INFO - Completed GX010001_NorthQuays.csv: {'total_gps_points': 3829, 'frames_extracted': 3821, 'frames_skipped': 8, 'errors': 0}
2025-07-06 14:06:15,432 - INFO - Processing GX010001_PhoenixPark.csv
2025-07-06 14:06:15,436 - INFO - Loaded 2372 GPS points from GX010001_PhoenixPark.csv
2025-07-06 14:06:15,438 - INFO - Filtered out 0 bad GPS points
2025-07-06 14:06:15,520 - INFO - Selected 1186 frames at 5.0 Hz from 2372 GPS points
2025-07-06 14:06:15,633 - INFO - Video properties: 29.97 FPS, 7073 frames, 236.00s duration
2025-07-10 15:36:30,971 - INFO - Initialized GPS Frame Extractor:
2025-07-10 15:36:30,971 - INFO -   GPS folder: our_data/extracted_gps
2025-07-10 15:36:30,971 - INFO -   Video folder: our_data
2025-07-10 15:36:30,971 - INFO -   Output folder: our_data/extracted_frames
2025-07-10 15:36:30,971 - INFO -   Frame rate: 60.0 Hz
2025-07-10 15:36:30,971 - INFO -   Filter bad GPS: True
2025-07-10 15:36:30,972 - INFO -   Image quality: 95
2025-07-10 15:36:30,972 - INFO - Starting batch processing of all GPS-video pairs
2025-07-10 15:36:30,972 - INFO - Found 4 CSV files to process
2025-07-10 15:36:30,972 - INFO - Processing GX010001_NorthQuays.csv
2025-07-10 15:36:30,986 - INFO - Loaded 7658 GPS points from GX010001_NorthQuays.csv
2025-07-10 15:36:30,993 - INFO - Filtered out 0 bad GPS points
2025-07-10 15:36:31,259 - INFO - Selected 7658 frames at 60.0 Hz from 7658 GPS points
2025-07-10 15:36:31,411 - INFO - Video properties: 29.97 FPS, 22905 frames, 764.26s duration
2025-07-10 15:52:35,020 - INFO - Completed GX010001_NorthQuays.csv: {'total_gps_points': 7658, 'frames_extracted': 7643, 'frames_skipped': 15, 'errors': 0}
2025-07-10 15:52:35,020 - INFO - Processing GX010001_PhoenixPark.csv
2025-07-10 15:52:35,024 - INFO - Loaded 2372 GPS points from GX010001_PhoenixPark.csv
2025-07-10 15:52:35,026 - INFO - Filtered out 0 bad GPS points
2025-07-10 15:52:35,105 - INFO - Selected 2372 frames at 60.0 Hz from 2372 GPS points
2025-07-10 15:52:35,214 - INFO - Video properties: 29.97 FPS, 7073 frames, 236.00s duration
2025-07-10 15:57:27,838 - INFO - Completed GX010001_PhoenixPark.csv: {'total_gps_points': 2372, 'frames_extracted': 2361, 'frames_skipped': 11, 'errors': 0}
2025-07-10 15:57:27,838 - INFO - Processing GX010001.csv
2025-07-10 15:57:27,856 - INFO - Loaded 17296 GPS points from GX010001.csv
2025-07-10 15:57:27,866 - INFO - Filtered out 0 bad GPS points
2025-07-10 15:57:28,442 - INFO - Selected 17296 frames at 60.0 Hz from 17296 GPS points
2025-07-10 15:57:28,460 - INFO - Video properties: 29.97 FPS, 51840 frames, 1729.73s duration
2025-07-10 16:56:11,662 - INFO - Completed GX010001.csv: {'total_gps_points': 17296, 'frames_extracted': 17296, 'frames_skipped': 0, 'errors': 0}
2025-07-10 16:56:11,663 - INFO - Processing GX020001.csv
2025-07-10 16:56:11,668 - INFO - Loaded 3837 GPS points from GX020001.csv
2025-07-10 16:56:11,671 - INFO - Filtered out 0 bad GPS points
2025-07-10 16:56:11,797 - INFO - Selected 3837 frames at 60.0 Hz from 3837 GPS points
2025-07-10 16:56:11,809 - INFO - Video properties: 29.97 FPS, 11497 frames, 383.62s duration
2025-07-10 17:08:18,526 - INFO - Completed GX020001.csv: {'total_gps_points': 3837, 'frames_extracted': 3837, 'frames_skipped': 0, 'errors': 0}
2025-07-10 17:08:18,526 - INFO - Batch processing completed: {'total_gps_points': 31163, 'frames_extracted': 31137, 'frames_skipped': 26, 'errors': 0, 'files_processed': 4}
2025-07-10 17:08:18,526 - INFO - Frame extraction completed successfully!
2025-07-11 09:02:09,212 - INFO - Initialized GPS Frame Extractor:
2025-07-11 09:02:09,212 - INFO -   GPS folder: our_data/extracted_gps
2025-07-11 09:02:09,212 - INFO -   Video folder: our_data
2025-07-11 09:02:09,213 - INFO -   Output folder: our_data/extracted_frames
2025-07-11 09:02:09,213 - INFO -   Frame rate: 60.0 Hz
2025-07-11 09:02:09,213 - INFO -   Filter bad GPS: True
2025-07-11 09:02:09,213 - INFO -   Image quality: 95
2025-07-11 09:02:09,213 - INFO - Starting batch processing of all GPS-video pairs
2025-07-11 09:02:09,213 - INFO - Found 4 CSV files to process
2025-07-11 09:02:09,213 - INFO - Processing GX010001_NorthQuays.csv
2025-07-11 09:02:09,228 - INFO - Loaded 7658 GPS points from GX010001_NorthQuays.csv
2025-07-11 09:02:09,234 - INFO - Filtered out 0 bad GPS points
2025-07-11 09:02:09,495 - INFO - Selected 7658 frames at 60.0 Hz from 7658 GPS points
2025-07-11 09:02:09,651 - INFO - Video properties: 29.97 FPS, 22905 frames, 764.26s duration
2025-07-11 09:18:08,197 - INFO - Completed GX010001_NorthQuays.csv: {'total_gps_points': 7658, 'frames_extracted': 7643, 'frames_skipped': 15, 'errors': 0}
2025-07-11 09:18:08,198 - INFO - Processing GX010001_PhoenixPark.csv
2025-07-11 09:18:08,202 - INFO - Loaded 2372 GPS points from GX010001_PhoenixPark.csv
2025-07-11 09:18:08,204 - INFO - Filtered out 0 bad GPS points
2025-07-11 09:18:08,282 - INFO - Selected 2372 frames at 60.0 Hz from 2372 GPS points
2025-07-11 09:18:08,390 - INFO - Video properties: 29.97 FPS, 7073 frames, 236.00s duration
2025-07-11 09:23:00,435 - INFO - Completed GX010001_PhoenixPark.csv: {'total_gps_points': 2372, 'frames_extracted': 2361, 'frames_skipped': 11, 'errors': 0}
2025-07-11 09:23:00,436 - INFO - Processing GX010001.csv
2025-07-11 09:23:00,453 - INFO - Loaded 17296 GPS points from GX010001.csv
2025-07-11 09:23:00,463 - INFO - Filtered out 0 bad GPS points
2025-07-11 09:23:01,028 - INFO - Selected 17296 frames at 60.0 Hz from 17296 GPS points
2025-07-11 09:23:01,052 - INFO - Video properties: 29.97 FPS, 51840 frames, 1729.73s duration
2025-07-11 10:21:32,196 - INFO - Completed GX010001.csv: {'total_gps_points': 17296, 'frames_extracted': 17296, 'frames_skipped': 0, 'errors': 0}
2025-07-11 10:21:32,196 - INFO - Processing GX020001.csv
2025-07-11 10:21:32,210 - INFO - Loaded 3837 GPS points from GX020001.csv
2025-07-11 10:21:32,212 - INFO - Filtered out 0 bad GPS points
2025-07-11 10:21:32,336 - INFO - Selected 3837 frames at 60.0 Hz from 3837 GPS points
2025-07-11 10:21:32,348 - INFO - Video properties: 29.97 FPS, 11497 frames, 383.62s duration
2025-07-11 10:33:40,793 - INFO - Completed GX020001.csv: {'total_gps_points': 3837, 'frames_extracted': 3837, 'frames_skipped': 0, 'errors': 0}
2025-07-11 10:33:40,793 - INFO - Batch processing completed: {'total_gps_points': 31163, 'frames_extracted': 31137, 'frames_skipped': 26, 'errors': 0, 'files_processed': 4}
2025-07-11 10:33:40,793 - INFO - Frame extraction completed successfully!
2025-07-11 18:57:48,103 - INFO - Initialized GPS Frame Extractor:
2025-07-11 18:57:48,103 - INFO -   GPS folder: our_data/extracted_gps
2025-07-11 18:57:48,103 - INFO -   Video folder: our_data
2025-07-11 18:57:48,103 - INFO -   Output folder: our_data/extracted_frames
2025-07-11 18:57:48,103 - INFO -   Frame rate: 1.0 Hz
2025-07-11 18:57:48,103 - INFO -   Filter bad GPS: True
2025-07-11 18:57:48,103 - INFO -   Image quality: 95
2025-07-11 18:57:48,103 - INFO - Starting batch processing of all GPS-video pairs
2025-07-11 18:57:48,104 - INFO - Found 4 CSV files to process
2025-07-11 18:57:48,104 - INFO - Processing GX010001_NorthQuays.csv
2025-07-11 18:57:48,120 - INFO - Loaded 7658 GPS points from GX010001_NorthQuays.csv
2025-07-11 18:57:48,127 - INFO - Filtered out 0 bad GPS points
2025-07-11 18:57:48,389 - INFO - Selected 766 frames at 1.0 Hz from 7658 GPS points
2025-07-11 18:57:48,553 - INFO - Video properties: 29.97 FPS, 22905 frames, 764.26s duration
2025-07-11 18:59:23,707 - INFO - Completed GX010001_NorthQuays.csv: {'total_gps_points': 766, 'frames_extracted': 765, 'frames_skipped': 1, 'errors': 0}
2025-07-11 18:59:23,708 - INFO - Processing GX010001_PhoenixPark.csv
2025-07-11 18:59:23,712 - INFO - Loaded 2372 GPS points from GX010001_PhoenixPark.csv
2025-07-11 18:59:23,714 - INFO - Filtered out 0 bad GPS points
2025-07-11 18:59:23,793 - INFO - Selected 238 frames at 1.0 Hz from 2372 GPS points
2025-07-11 18:59:23,903 - INFO - Video properties: 29.97 FPS, 7073 frames, 236.00s duration
2025-07-11 18:59:53,025 - INFO - Completed GX010001_PhoenixPark.csv: {'total_gps_points': 238, 'frames_extracted': 237, 'frames_skipped': 1, 'errors': 0}
2025-07-11 18:59:53,025 - INFO - Processing GX010001.csv
2025-07-11 18:59:53,051 - INFO - Loaded 17296 GPS points from GX010001.csv
2025-07-11 18:59:53,061 - INFO - Filtered out 0 bad GPS points
2025-07-11 18:59:53,626 - INFO - Selected 1730 frames at 1.0 Hz from 17296 GPS points
2025-07-11 18:59:53,645 - INFO - Video properties: 29.97 FPS, 51840 frames, 1729.73s duration
2025-07-11 19:05:42,662 - INFO - Completed GX010001.csv: {'total_gps_points': 1730, 'frames_extracted': 1730, 'frames_skipped': 0, 'errors': 0}
2025-07-11 19:05:42,662 - INFO - Processing GX020001.csv
2025-07-11 19:05:42,668 - INFO - Loaded 3837 GPS points from GX020001.csv
2025-07-11 19:05:42,671 - INFO - Filtered out 0 bad GPS points
2025-07-11 19:05:42,798 - INFO - Selected 384 frames at 1.0 Hz from 3837 GPS points
2025-07-11 19:05:42,810 - INFO - Video properties: 29.97 FPS, 11497 frames, 383.62s duration
2025-07-11 19:06:50,650 - INFO - Completed GX020001.csv: {'total_gps_points': 384, 'frames_extracted': 384, 'frames_skipped': 0, 'errors': 0}
2025-07-11 19:06:50,650 - INFO - Batch processing completed: {'total_gps_points': 3118, 'frames_extracted': 3116, 'frames_skipped': 2, 'errors': 0, 'files_processed': 4}
2025-07-11 19:06:50,650 - INFO - Frame extraction completed successfully!
2025-07-12 13:30:27,865 - INFO - Initialized GPS Frame Extractor:
2025-07-12 13:30:27,865 - INFO -   GPS folder: our_data/extracted_gps
2025-07-12 13:30:27,865 - INFO -   Video folder: our_data
2025-07-12 13:30:27,865 - INFO -   Output folder: our_data/extracted_frames
2025-07-12 13:30:27,865 - INFO -   Frame rate: 4.0 Hz
2025-07-12 13:30:27,865 - INFO -   Filter bad GPS: True
2025-07-12 13:30:27,865 - INFO -   Image quality: 95
2025-07-12 13:30:27,865 - INFO - Starting batch processing of all GPS-video pairs
2025-07-12 13:30:27,865 - INFO - Found 4 CSV files to process
2025-07-12 13:30:27,866 - INFO - Processing GX010001_NorthQuays.csv
2025-07-12 13:30:27,880 - INFO - Loaded 7658 GPS points from GX010001_NorthQuays.csv
2025-07-12 13:30:27,887 - INFO - Filtered out 0 bad GPS points
2025-07-12 13:30:28,139 - INFO - Selected 2553 frames at 4.0 Hz from 7658 GPS points
2025-07-12 13:30:28,293 - INFO - Video properties: 29.97 FPS, 22905 frames, 764.26s duration
2025-07-12 13:35:49,481 - INFO - Completed GX010001_NorthQuays.csv: {'total_gps_points': 2553, 'frames_extracted': 2548, 'frames_skipped': 5, 'errors': 0}
2025-07-12 13:35:49,481 - INFO - Processing GX010001_PhoenixPark.csv
2025-07-12 13:35:49,486 - INFO - Loaded 2372 GPS points from GX010001_PhoenixPark.csv
2025-07-12 13:35:49,488 - INFO - Filtered out 0 bad GPS points
2025-07-12 13:35:49,566 - INFO - Selected 791 frames at 4.0 Hz from 2372 GPS points
2025-07-12 13:35:49,692 - INFO - Video properties: 29.97 FPS, 7073 frames, 236.00s duration
2025-07-12 13:37:28,303 - INFO - Completed GX010001_PhoenixPark.csv: {'total_gps_points': 791, 'frames_extracted': 787, 'frames_skipped': 4, 'errors': 0}
2025-07-12 13:37:28,303 - INFO - Processing GX010001.csv
2025-07-12 13:37:28,318 - INFO - Loaded 17296 GPS points from GX010001.csv
2025-07-12 13:37:28,328 - INFO - Filtered out 0 bad GPS points
2025-07-12 13:37:28,897 - INFO - Selected 5766 frames at 4.0 Hz from 17296 GPS points
2025-07-12 13:37:28,916 - INFO - Video properties: 29.97 FPS, 51840 frames, 1729.73s duration
2025-07-12 13:56:58,199 - INFO - Completed GX010001.csv: {'total_gps_points': 5766, 'frames_extracted': 5766, 'frames_skipped': 0, 'errors': 0}
2025-07-12 13:56:58,199 - INFO - Processing GX020001.csv
2025-07-12 13:56:58,213 - INFO - Loaded 3837 GPS points from GX020001.csv
2025-07-12 13:56:58,217 - INFO - Filtered out 0 bad GPS points
2025-07-12 13:56:58,343 - INFO - Selected 1279 frames at 4.0 Hz from 3837 GPS points
2025-07-12 13:56:58,355 - INFO - Video properties: 29.97 FPS, 11497 frames, 383.62s duration
2025-07-12 14:01:00,752 - INFO - Completed GX020001.csv: {'total_gps_points': 1279, 'frames_extracted': 1279, 'frames_skipped': 0, 'errors': 0}
2025-07-12 14:01:00,753 - INFO - Batch processing completed: {'total_gps_points': 10389, 'frames_extracted': 10380, 'frames_skipped': 9, 'errors': 0, 'files_processed': 4}
2025-07-12 14:01:00,753 - INFO - Frame extraction completed successfully!
2025-07-12 15:42:58,581 - INFO - Initialized GPS Frame Extractor:
2025-07-12 15:42:58,582 - INFO -   GPS folder: our_data/extracted_gps
2025-07-12 15:42:58,582 - INFO -   Video folder: our_data
2025-07-12 15:42:58,582 - INFO -   Output folder: our_data/extracted_frames
2025-07-12 15:42:58,582 - INFO -   Frame rate: 10.0 Hz
2025-07-12 15:42:58,582 - INFO -   Filter bad GPS: True
2025-07-12 15:42:58,582 - INFO -   Image quality: 95
2025-07-12 15:42:58,582 - INFO - Starting batch processing of all GPS-video pairs
2025-07-12 15:42:58,582 - INFO - Found 4 CSV files to process
2025-07-12 15:42:58,582 - INFO - Processing GX010001_NorthQuays.csv
2025-07-12 15:42:58,597 - INFO - Loaded 7658 GPS points from GX010001_NorthQuays.csv
2025-07-12 15:42:58,604 - INFO - Filtered out 0 bad GPS points
2025-07-12 15:42:58,883 - INFO - Selected 6892 frames at 10.0 Hz from 7658 GPS points
2025-07-12 15:42:59,043 - INFO - Video properties: 29.97 FPS, 22905 frames, 764.26s duration
2025-07-12 15:57:24,968 - INFO - Completed GX010001_NorthQuays.csv: {'total_gps_points': 6892, 'frames_extracted': 6879, 'frames_skipped': 13, 'errors': 0}
2025-07-12 15:57:24,969 - INFO - Processing GX010001_PhoenixPark.csv
2025-07-12 15:57:24,973 - INFO - Loaded 2372 GPS points from GX010001_PhoenixPark.csv
2025-07-12 15:57:24,975 - INFO - Filtered out 0 bad GPS points
2025-07-12 15:57:25,056 - INFO - Selected 2135 frames at 10.0 Hz from 2372 GPS points
2025-07-12 15:57:25,166 - INFO - Video properties: 29.97 FPS, 7073 frames, 236.00s duration
2025-07-12 16:01:45,133 - INFO - Completed GX010001_PhoenixPark.csv: {'total_gps_points': 2135, 'frames_extracted': 2125, 'frames_skipped': 10, 'errors': 0}
2025-07-12 16:01:45,133 - INFO - Processing GX010001.csv
2025-07-12 16:01:45,157 - INFO - Loaded 17296 GPS points from GX010001.csv
2025-07-12 16:01:45,167 - INFO - Filtered out 0 bad GPS points
2025-07-12 16:01:45,734 - INFO - Selected 16102 frames at 10.0 Hz from 17296 GPS points
2025-07-12 16:01:45,752 - INFO - Video properties: 29.97 FPS, 51840 frames, 1729.73s duration
2025-07-12 16:56:15,147 - INFO - Completed GX010001.csv: {'total_gps_points': 16102, 'frames_extracted': 16102, 'frames_skipped': 0, 'errors': 0}
2025-07-12 16:56:15,147 - INFO - Processing GX020001.csv
2025-07-12 16:56:15,162 - INFO - Loaded 3837 GPS points from GX020001.csv
2025-07-12 16:56:15,165 - INFO - Filtered out 0 bad GPS points
2025-07-12 16:56:15,291 - INFO - Selected 3837 frames at 10.0 Hz from 3837 GPS points
2025-07-12 16:56:15,304 - INFO - Video properties: 29.97 FPS, 11497 frames, 383.62s duration
2025-07-12 17:08:25,228 - INFO - Completed GX020001.csv: {'total_gps_points': 3837, 'frames_extracted': 3837, 'frames_skipped': 0, 'errors': 0}
2025-07-12 17:08:25,228 - INFO - Batch processing completed: {'total_gps_points': 28966, 'frames_extracted': 28943, 'frames_skipped': 23, 'errors': 0, 'files_processed': 4}
2025-07-12 17:08:25,228 - INFO - Frame extraction completed successfully!
2025-07-13 07:31:38,892 - INFO - Initialized GPS Frame Extractor:
2025-07-13 07:31:38,892 - INFO -   GPS folder: our_data/extracted_gps
2025-07-13 07:31:38,892 - INFO -   Video folder: our_data
2025-07-13 07:31:38,892 - INFO -   Output folder: our_data/extracted_frames
2025-07-13 07:31:38,892 - INFO -   Frame rate: 4.0 Hz
2025-07-13 07:31:38,892 - INFO -   Filter bad GPS: True
2025-07-13 07:31:38,893 - INFO -   Image quality: 95
2025-07-13 07:31:38,893 - INFO - Starting batch processing of all GPS-video pairs
2025-07-13 07:31:38,893 - INFO - Found 4 CSV files to process
2025-07-13 07:31:38,893 - INFO - Processing GX010001_NorthQuays.csv
2025-07-13 07:31:38,907 - INFO - Loaded 7658 GPS points from GX010001_NorthQuays.csv
2025-07-13 07:31:38,914 - INFO - Filtered out 0 bad GPS points
2025-07-13 07:31:39,183 - INFO - Selected 2553 frames at 4.0 Hz from 7658 GPS points
2025-07-13 07:31:39,340 - INFO - Video properties: 29.97 FPS, 22905 frames, 764.26s duration
2025-07-13 07:36:54,474 - INFO - Completed GX010001_NorthQuays.csv: {'total_gps_points': 2553, 'frames_extracted': 2548, 'frames_skipped': 5, 'errors': 0}
2025-07-13 07:36:54,475 - INFO - Processing GX010001_PhoenixPark.csv
2025-07-13 07:36:54,479 - INFO - Loaded 2372 GPS points from GX010001_PhoenixPark.csv
2025-07-13 07:36:54,480 - INFO - Filtered out 0 bad GPS points
2025-07-13 07:36:54,560 - INFO - Selected 791 frames at 4.0 Hz from 2372 GPS points
2025-07-13 07:36:54,668 - INFO - Video properties: 29.97 FPS, 7073 frames, 236.00s duration
2025-07-13 07:38:31,952 - INFO - Completed GX010001_PhoenixPark.csv: {'total_gps_points': 791, 'frames_extracted': 787, 'frames_skipped': 4, 'errors': 0}
2025-07-13 07:38:31,952 - INFO - Processing GX010001.csv
2025-07-13 07:38:31,975 - INFO - Loaded 17296 GPS points from GX010001.csv
2025-07-13 07:38:31,985 - INFO - Filtered out 0 bad GPS points
2025-07-13 07:38:32,559 - INFO - Selected 5766 frames at 4.0 Hz from 17296 GPS points
2025-07-13 07:38:32,586 - INFO - Video properties: 29.97 FPS, 51840 frames, 1729.73s duration
2025-07-13 07:57:57,608 - INFO - Completed GX010001.csv: {'total_gps_points': 5766, 'frames_extracted': 5766, 'frames_skipped': 0, 'errors': 0}
2025-07-13 07:57:57,608 - INFO - Processing GX020001.csv
2025-07-13 07:57:57,615 - INFO - Loaded 3837 GPS points from GX020001.csv
2025-07-13 07:57:57,617 - INFO - Filtered out 0 bad GPS points
2025-07-13 07:57:57,747 - INFO - Selected 1279 frames at 4.0 Hz from 3837 GPS points
2025-07-13 07:57:57,760 - INFO - Video properties: 29.97 FPS, 11497 frames, 383.62s duration
2025-07-13 08:01:58,792 - INFO - Completed GX020001.csv: {'total_gps_points': 1279, 'frames_extracted': 1279, 'frames_skipped': 0, 'errors': 0}
2025-07-13 08:01:58,792 - INFO - Batch processing completed: {'total_gps_points': 10389, 'frames_extracted': 10380, 'frames_skipped': 9, 'errors': 0, 'files_processed': 4}
2025-07-13 08:01:58,792 - INFO - Frame extraction completed successfully!
